[?25l[?2004h[K
[38;2;255;255;255m                                      [0m[K
[38;2;0;229;255m•••••●●●●●●●●●●•••••····          ····[0m[K
[38;2;0;204;255m•••●●●●●●●●●●●●●●••••···          ···•[0m[K
[38;2;0;175;255m····••••••••••••·····                ·[0m[K
[38;2;105;154;221m····••••••••••••·····                ·[0m[K
[38;2;73;121;170m•••●●●●●●●●●●●●●●••••···          ···•[0m[K
[38;2;42;73;105m•••••●●●●●●●●●●•••••····          ····[0m[K
0:30  [38;2;0;255;136m█[0m[38;2;128;230;68m█[0m[38;2;255;204;0m█▏[0m[38;2;15;15;15m░░░░░░░░░░░░░░░░░░░░░░[0m  4:12[K
[K[2K[?2004l[?25h[?1002l[?1003l[?1006l