[?25l[?2004h[38;2;0;175;255m╭─Episode Details──────────────────────────────────────────────────────────────╮[0m
[38;2;0;175;255m│[0m                                                                              [38;2;0;175;255m│[0m
[38;2;0;175;255m│[0m  [1;38;2;240;240;240mThe Future of AI in Healthcare[0m                                              [38;2;0;175;255m│[0m
[38;2;0;175;255m│[0m  [38;2;136;136;136mTech Frontiers · 1h 00m · 2026-06-15[0m                                        [38;2;0;175;255m│[0m
[38;2;0;175;255m│[0m  [38;2;136;136;136mPublished by: TechMedia Inc.[0m                                                [38;2;0;175;255m│[0m
[38;2;0;175;255m│[0m                                                                              [38;2;0;175;255m│[0m
[38;2;0;175;255m│[0m  In this episode, we explore how artificial intelligence is transforming     [38;2;0;175;255m│[0m
[38;2;0;175;255m│[0m  healthcare delivery, from diagnostic algorithms to robotic surgery          [38;2;0;175;255m│[0m
[38;2;0;175;255m│[0m  assistants. Our guest experts discuss the latest breakthroughs and ethical  [38;2;0;175;255m│[0m
[38;2;0;175;255m│[0m  considerations.                                                             [38;2;0;175;255m│[0m
[38;2;0;175;255m│[0m                                                                              [38;2;0;175;255m│[0m
[38;2;0;175;255m│[0m                                                                              [38;2;0;175;255m│[0m
[38;2;0;175;255m│[0m                                                                              [38;2;0;175;255m│[0m
[38;2;0;175;255m│[0m                                                                              [38;2;0;175;255m│[0m
[38;2;0;175;255m│[0m                                                                              [38;2;0;175;255m│[0m
[38;2;0;175;255m│[0m                                                                              [38;2;0;175;255m│[0m
[38;2;0;175;255m│[0m                                                                              [38;2;0;175;255m│[0m
[38;2;0;175;255m│[0m                                                                              [38;2;0;175;255m│[0m
[38;2;0;175;255m│[0m                                                                              [38;2;0;175;255m│[0m
[38;2;0;175;255m│[0m                                                                        [38;2;68;68;68m100%[0m  [38;2;0;175;255m│[0m
[38;2;0;175;255m│[0m                                                                              [38;2;0;175;255m│[0m
[38;2;0;175;255m╰──────────────────────────────────────────────────────────────────────────────╯[0m[2K[?2004l[?25h[?1002l[?1003l[?1006l