[?25l[?2004h                                                                              [K
 [38;2;0;255;136m✓[0m   [38;2;0;255;136m09:26:53  200  59ms[0m                                                      [K
 [38;2;255;85;85m⊘[0m   [38;2;0;255;136m09:26:53  Backoff started  (retry in 8.0s)[0m                               [K
 [38;2;0;255;136m✓[0m   [38;2;0;255;136m09:26:53  Dedup resolved  7[0m                                              [K
 [38;2;0;175;255m⧖[0m   [38;2;0;255;136m09:26:53  GET /player  dedup joined[0m                                      [K
 [38;2;68;68;68m□[0m   [38;2;0;255;136m09:26:53  Semaphore released  0/5[0m                                        [K
 [38;2;0;175;255m■[0m   [38;2;0;255;136m09:26:53  Semaphore acquired  4/5[0m                                        [K
 [38;2;0;255;136m↻[0m   [38;2;0;255;136m09:26:53  Tokens refilled → 6[0m                                            [K
 [38;2;255;204;0m◬[0m   [38;2;0;255;136m09:26:53  Token consumed → 7[0m                                             [K
 [38;2;255;85;85m✗[0m   [38;2;0;255;136m09:26:53  GET /player  blocked[0m                                           [K
 [38;2;0;255;136m✓[0m   [38;2;0;255;136m09:26:53  GET /player  allowed[0m                                           [K
                                                                              [K
                                                                          1/1 [K
                                                                              [K[2K[?2004l[?25h[?1002l[?1003l[?1006l