[?25l[?2004h                                                                              [K
 [38;2;102;102;102mTime[0m       [38;2;102;102;102mMethod[0m  [38;2;102;102;102mEndpoint[0m               [38;2;102;102;102mStatus[0m  [38;2;102;102;102mLaten…[0m [38;2;102;102;102mPriority[0m  [38;2;102;102;102mDecision[0m  [K
                                                                              [K
                                                                          1/1 [K
                                                                              [K[2K[?2004l[?25h[?1002l[?1003l[?1006l