[?25l[?2004h                                                                              [K
 [38;2;102;102;102m#[0m    [38;2;102;102;102mTrack[0m                                 [38;2;102;102;102mArtist[0m              [38;2;102;102;102mDur[0m           [K
                                                                              [K
 [38;2;255;121;198;48;2;28;58;94m1[0m[48;2;28;58;94m   [0m [38;2;255;121;198;48;2;28;58;94mMedium Track One[0m[48;2;28;58;94m                     [0m [38;2;255;121;198;48;2;28;58;94mMid Artist[0m[48;2;28;58;94m         [0m [38;2;255;121;198;48;2;28;58;94m3:20[0m[48;2;28;58;94m         [0m [K
 [38;2;85;85;85m2[0m    [38;2;0;255;136mMedium Track Two[0m                      [38;2;0;175;255mMid Artist[0m          [38;2;0;229;204m3:30[0m          [K
                                                                              [K
                                                                          1/1 [K
                                                                              [K[2K[?2004l[?25h[?1002l[?1003l[?1006l