[?25l[?2004h[38;2;0;175;255m╭─Search───────────────────────────────────────────────╮[0m[K
[38;2;0;175;255m│[0m[48;2;28;58;94m [0m[1;38;2;255;121;198;48;2;28;58;94m:songs[0m[48;2;28;58;94m [0m [7ms[0m[38;2;68;68;68mearch...[0m                                    [38;2;0;175;255m│[0m[K
[38;2;0;175;255m╰──────────────────────────────────────────────────────╯[0m[K
[38;2;0;175;255m╭─Results──────────────────────────────────────────────╮[0m[K
[38;2;0;175;255m│[0m[38;2;68;68;68mAll[0m  [38;2;255;121;198;48;2;28;58;94m[Songs][0m  [38;2;68;68;68mArtists[0m  [38;2;68;68;68mAlbums[0m  [38;2;68;68;68mPlaylists[0m  [38;2;68;68;68mShows[0m       [38;2;0;175;255m│[0m[K
[38;2;0;175;255m│[0m[38;2;68;68;68mEpisodes[0m                                              [38;2;0;175;255m│[0m[K
[38;2;0;175;255m│[0m[38;2;68;68;68m──────────────────────────────────────────────────────[0m[38;2;0;175;255m│[0m[K
[38;2;0;175;255m│[0m                                                      [38;2;0;175;255m│[0m[K
[38;2;0;175;255m│[0m                                                      [38;2;0;175;255m│[0m[K
[38;2;0;175;255m│[0m                                                      [38;2;0;175;255m│[0m[K
[38;2;0;175;255m│[0m                                                      [38;2;0;175;255m│[0m[K
[38;2;0;175;255m│[0m                                                      [38;2;0;175;255m│[0m[K
[38;2;0;175;255m│[0m      [38;2;68;68;68mType to search tracks, artists, albums...[0m       [38;2;0;175;255m│[0m[K
[38;2;0;175;255m│[0m                                                      [38;2;0;175;255m│[0m[K
[38;2;0;175;255m│[0m                                                      [38;2;0;175;255m│[0m[K
[38;2;0;175;255m│[0m                                                      [38;2;0;175;255m│[0m[K
[38;2;0;175;255m│[0m                                                      [38;2;0;175;255m│[0m[K
[38;2;0;175;255m│[0m                                                      [38;2;0;175;255m│[0m[K
[38;2;0;175;255m╰──────────────────────────────────────────────────────╯[0m[K[2K[?2004l[?25h[?1002l[?1003l[?1006l