[?25l[?2004h[38;2;0;175;255m╭─Permissions Spotnik requests─────────────────────────────────────────────╮[0m[K
[38;2;0;175;255m│[0m                                                                          [38;2;0;175;255m│[0m[K
[38;2;0;175;255m│[0m  [38;2;240;240;240mRead access[0m                                                             [38;2;0;175;255m│[0m[K
[38;2;0;175;255m│[0m  [38;2;240;240;240m • Playback state, queue, and devices.[0m                                  [38;2;0;175;255m│[0m[K
[38;2;0;175;255m│[0m  [38;2;240;240;240m • Saved tracks, albums, and playlists.[0m                                 [38;2;0;175;255m│[0m[K
[38;2;0;175;255m│[0m  [38;2;240;240;240m • Profile, listening history, and followed artists.[0m                    [38;2;0;175;255m│[0m[K
[38;2;0;175;255m│[0m  [38;2;240;240;240m[0m                                                                        [38;2;0;175;255m│[0m[K
[38;2;0;175;255m│[0m  [38;2;240;240;240mWrite access[0m                                                            [38;2;0;175;255m│[0m[K
[38;2;0;175;255m│[0m  [38;2;240;240;240m • Playback control — play, pause, skip, seek, volume, transfer.[0m        [38;2;0;175;255m│[0m[K
[38;2;0;175;255m│[0m  [38;2;240;240;240m • Library and playlist edits — reserved for upcoming features.[0m         [38;2;0;175;255m│[0m[K
[38;2;0;175;255m│[0m  [38;2;240;240;240m[0m                                                                        [38;2;0;175;255m│[0m[K
[38;2;0;175;255m│[0m  [38;2;240;240;240mFor full scope details and revoke: spotify.com/account/apps[0m             [38;2;0;175;255m│[0m[K
[38;2;0;175;255m│[0m                                                                          [38;2;0;175;255m│[0m[K
[38;2;0;175;255m│[0m  [38;2;0;175;255mEsc[0m [38;2;68;68;68mclose[0m                                                               [38;2;0;175;255m│[0m[K
[38;2;0;175;255m│[0m                                                                          [38;2;0;175;255m│[0m[K
[38;2;0;175;255m╰──────────────────────────────────────────────────────────────────────────╯[0m[K[2K[?2004l[?25h[?1002l[?1003l[?1006l