[?25l[?2004h                                                                              [K
 [38;2;102;102;102m#[0m    [38;2;102;102;102m[0m     [38;2;102;102;102mName[0m                                     [38;2;102;102;102mTracks[0m                    [K
                                                                              [K
 [38;2;255;121;198;48;2;28;58;94m1[0m[48;2;28;58;94m   [0m [38;2;255;121;198;48;2;28;58;94m◉[0m[48;2;28;58;94m   [0m [38;2;255;121;198;48;2;28;58;94mLoFi Beats[0m[48;2;28;58;94m                              [0m [38;2;255;121;198;48;2;28;58;94m42[0m[48;2;28;58;94m                       [0m [K
 [38;2;85;85;85m2[0m    [38;2;0;175;255m◌[0m    [38;2;0;255;136mRelax & Unwind[0m                           [38;2;0;229;204m60[0m                        [K
 [38;2;85;85;85m3[0m    [38;2;0;175;255m○[0m    [38;2;0;255;136mBest of Coke Studio[0m                      [38;2;0;229;204m28[0m                        [K
                                                                              [K
                                                                          1/1 [K
                                                                              [K[2K[?2004l[?25h[?1002l[?1003l[?1006l