[?25l[?2004h[48;2;26;26;26m > [38;2;240;240;240mRadiohead[0m[7m [0m[38;2;240;240;240m[0m[48;2;26;26;26m                                                                 [0m[K
                                                                              [K
 [38;2;102;102;102m#[0m    [38;2;102;102;102mName[0m                            [38;2;102;102;102mArtist[0m              [38;2;102;102;102mYear[0m                [K
                                                                              [K
 [38;2;85;85;85m1[0m    [38;2;0;255;136mOK Computer[0m                     [38;2;0;175;255mRadiohead[0m           [38;2;0;229;204m1997[0m                [K
 [38;2;85;85;85m2[0m    [38;2;0;255;136mIn Rainbows[0m                     [38;2;0;175;255mRadiohead[0m           [38;2;0;229;204m2007[0m                [K
                                                                              [K
                                                                          1/1 [K
                                                                              [K[2K[?2004l[?25h[?1002l[?1003l[?1006l