[?25l[?2004h                                                                              [K
 [38;2;102;102;102m#[0m    [38;2;102;102;102mTrack[0m                                 [38;2;102;102;102mArtist[0m              [38;2;102;102;102mDur[0m           [K
                                                                              [K
 [38;2;255;121;198;48;2;28;58;94m1[0m[48;2;28;58;94m   [0m [38;2;255;121;198;48;2;28;58;94mBlinding Lights[0m[48;2;28;58;94m                      [0m [38;2;255;121;198;48;2;28;58;94mThe Weeknd[0m[48;2;28;58;94m         [0m [38;2;255;121;198;48;2;28;58;94m3:22[0m[48;2;28;58;94m         [0m [K
 [38;2;85;85;85m2[0m    [38;2;0;255;136mSave Your Tears[0m                       [38;2;0;175;255mThe Weeknd[0m          [38;2;0;229;204m3:35[0m          [K
 [38;2;85;85;85m3[0m    [38;2;0;255;136mLevitating[0m                            [38;2;0;175;255mDua Lipa[0m            [38;2;0;229;204m3:23[0m          [K
                                                                              [K
                                                                          1/1 [K
                                                                              [K[2K[?2004l[?25h[?1002l[?1003l[?1006l