[?25l[?2004h[48;2;26;26;26m > [38;2;240;240;240mTech[0m[7m [0m[38;2;240;240;240m[0m[48;2;26;26;26m                                                                      [0m[K
                                                                              [K
 [38;2;102;102;102m#[0m    [38;2;102;102;102m[0m     [38;2;102;102;102mShow[0m                            [38;2;102;102;102mPub[0m                 [38;2;102;102;102mEps[0m            [K
                                                                              [K
 [38;2;85;85;85m1[0m    [38;2;0;175;255m♪[0m    [38;2;0;255;136mTech Weekly[0m                     [38;2;0;175;255mTech Media[0m          [38;2;0;229;204m42[0m             [K
 [38;2;85;85;85m2[0m    [38;2;0;175;255m♪[0m    [38;2;0;255;136mTech Today[0m                      [38;2;0;175;255mTech Co[0m             [38;2;0;229;204m85[0m             [K
                                                                              [K
                                                                          1/1 [K
                                                                              [K[2K[?2004l[?25h[?1002l[?1003l[?1006l