[?25l[?2004h                                                                              [K
                                                                              [K
                                                                              [K
                                                                              [K
                         [38;2;68;68;68mUnable to load saved albums[0m                          [K
                            [38;2;68;68;68mCheck your connection[0m                             [K
                                                                              [K
                                                                              [K
                                                                              [K
                                                                              [K[2K[?2004l[?25h[?1002l[?1003l[?1006l