                                                                                                                        
                                                                                                                        
                                                                                                                        
                                                                                                                        
                                                                                                                        
                                                                                                                        
                                                                                                                        
                                                                                                                        
                                                                                                                        
                                                                                                                        
                                                                                                                        
                                                                                                                        
                                                                                                                        
                                ███████╗██████╗  ██████╗ ████████╗███╗   ██╗██╗██╗  ██╗                                 
                                ██╔════╝██╔══██╗██╔═══██╗╚══██╔══╝████╗  ██║██║██║ ██╔╝                                 
                                ███████╗██████╔╝██║   ██║   ██║   ██╔██╗ ██║██║█████╔╝                                  
                                ╚════██║██╔═══╝ ██║   ██║   ██║   ██║╚██╗██║██║██╔═██╗                                  
                                ███████║██║     ╚██████╔╝   ██║   ██║ ╚████║██║██║  ██╗                                 
                                ╚══════╝╚═╝      ╚═════╝    ╚═╝   ╚═╝  ╚═══╝╚═╝╚═╝  ╚═╝                                 
                                                                                                                        
                                               A terminal Spotify client                                                
                                                                                                                        
                                                     Version v0.1.0                                                     
                                                                                                                        
                                   ╭────────────────────────────────────────────────╮                                   
                                   │  ◬  Playback controls require Spotify Premium  │                                   
                                   ╰────────────────────────────────────────────────╯                                   
                                                                                                                        
                                                                                                                        
                                                                                                                        
                                                                                                                        
                                                                                                                        
                                                                                                                        
                                                                                                                        
                                                                                                                        
                                                                                                                        
                                                                                                                        
                                                                                                                        
                                                                                                                        
                                                                                                                        