╭──────────────────────────────────────────╮
│                                          │
│  Spotnik needs more space                │
│                                          │
│  Current:  119 × 29                      │
│  Required: 120 × 30                      │
│                                          │
│  Please resize your terminal and retry.  │
│                                          │
╰──────────────────────────────────────────╯