╭──────────────────────────────────────────╮
│                                          │
│  Spotnik needs more space                │
│                                          │
│  Current:  40 × 10                       │
│  Required: 120 × 30                      │
│                                          │
│  Please resize your terminal and retry.  │
│                                          │
╰──────────────────────────────────────────╯